cris_@LAPTOP-USTGTM7F MINGW64 ~/OneDrive/Documents/Dev/Git/DIO/dio-desafio-github-primeiro-repositorio (main)
$ git commit -m "Commiting my notes"
Author identity unknown

*** Please tell me who you are.

Run

  git config --global user.email "you@example.com"
  git config --global user.name "Your Name"

to set your account's default identity.
Omit --global to set the identity only in this repository.

fatal: unable to auto-detect email address (got 'cris_@LAPTOP-USTGTM7F.(none)')

cris_@LAPTOP-USTGTM7F MINGW64 ~/OneDrive/Documents/Dev/Git/DIO/dio-desafio-github-primeiro-repositorio (main)
$ git config --global user.email "crisaraujo541@gmail.com"

cris_@LAPTOP-USTGTM7F MINGW64 ~/OneDrive/Documents/Dev/Git/DIO/dio-desafio-github-primeiro-repositorio (main)
$ git config --global user.name "Cristiane541"

cris_@LAPTOP-USTGTM7F MINGW64 ~/OneDrive/Documents/Dev/Git/DIO/dio-desafio-github-primeiro-repositorio (main)
$ git push origin main
Everything up-to-date

cris_@LAPTOP-USTGTM7F MINGW64 ~/OneDrive/Documents/Dev/Git/DIO/dio-desafio-github-primeiro-repositorio (main)
$ ls
'GIT-Github notes.txt'   README.md

cris_@LAPTOP-USTGTM7F MINGW64 ~/OneDrive/Documents/Dev/Git/DIO/dio-desafio-github-primeiro-repositorio (main)
$ git status
On branch main
Your branch is up to date with 'origin/main'.

Changes to be committed:
  (use "git restore --staged <file>..." to unstage)
        new file:   GIT-Github notes.txt


cris_@LAPTOP-USTGTM7F MINGW64 ~/OneDrive/Documents/Dev/Git/DIO/dio-desafio-github-primeiro-repositorio (main)
$ git remote add origin https://github.com/Cristiane541/dio-desafio-github-primeiro-repositorio.git
error: remote origin already exists.

cris_@LAPTOP-USTGTM7F MINGW64 ~/OneDrive/Documents/Dev/Git/DIO/dio-desafio-github-primeiro-repositorio (main)
$ git status
On branch main
Your branch is up to date with 'origin/main'.

Changes to be committed:
  (use "git restore --staged <file>..." to unstage)
        new file:   GIT-Github notes.txt


cris_@LAPTOP-USTGTM7F MINGW64 ~/OneDrive/Documents/Dev/Git/DIO/dio-desafio-github-primeiro-repositorio (main)
$ git remote -v
origin  https://github.com/Cristiane541/dio-desafio-github-primeiro-repositorio.git (fetch)
origin  https://github.com/Cristiane541/dio-desafio-github-primeiro-repositorio.git (push)

cris_@LAPTOP-USTGTM7F MINGW64 ~/OneDrive/Documents/Dev/Git/DIO/dio-desafio-github-primeiro-repositorio (main)
$ gitadd .
bash: gitadd: command not found

cris_@LAPTOP-USTGTM7F MINGW64 ~/OneDrive/Documents/Dev/Git/DIO/dio-desafio-github-primeiro-repositorio (main)
$ git add .

cris_@LAPTOP-USTGTM7F MINGW64 ~/OneDrive/Documents/Dev/Git/DIO/dio-desafio-github-primeiro-repositorio (main)
$ git status
On branch main
Your branch is up to date with 'origin/main'.

Changes to be committed:
  (use "git restore --staged <file>..." to unstage)
        new file:   GIT-Github notes.txt


cris_@LAPTOP-USTGTM7F MINGW64 ~/OneDrive/Documents/Dev/Git/DIO/dio-desafio-github-primeiro-repositorio (main)
$ git commit -m "First Commit"
[main 2195e90] First Commit
 1 file changed, 43 insertions(+)
 create mode 100644 GIT-Github notes.txt

cris_@LAPTOP-USTGTM7F MINGW64 ~/OneDrive/Documents/Dev/Git/DIO/dio-desafio-github-primeiro-repositorio (main)
$ git push origin master
error: src refspec master does not match any
error: failed to push some refs to 'https://github.com/Cristiane541/dio-desafio-github-primeiro-repositorio.git'

cris_@LAPTOP-USTGTM7F MINGW64 ~/OneDrive/Documents/Dev/Git/DIO/dio-desafio-github-primeiro-repositorio (main)
$ ^C

cris_@LAPTOP-USTGTM7F MINGW64 ~/OneDrive/Documents/Dev/Git/DIO/dio-desafio-githu
$ git branch -M main

cris_@LAPTOP-USTGTM7F MINGW64 ~/OneDrive/Documents/Dev/Git/DIO/dio-desafio-github-primeiro-repositorio (main)
$ git re
rebase         remote         replace        reset          revert
reflog         repack         request-pull   restore

cris_@LAPTOP-USTGTM7F MINGW64 ~/OneDrive/Documents/Dev/Git/DIO/dio-desafio-github-primeiro-repositorio (main)
$ git remote add origin https://github.com/Cristiane541/dio-desafio-github-primeiro-repositorio
error: remote origin already exists.

cris_@LAPTOP-USTGTM7F MINGW64 ~/OneDrive/Documents/Dev/Git/DIO/dio-desafio-github-primeiro-repositorio (main)
$ git push -u origin main
Enumerating objects: 4, done.
Counting objects: 100% (4/4), done.
Delta compression using up to 4 threads
Compressing objects: 100% (3/3), done.
Writing objects: 100% (3/3), 784 bytes | 261.00 KiB/s, done.
Total 3 (delta 0), reused 0 (delta 0), pack-reused 0
To https://github.com/Cristiane541/dio-desafio-github-primeiro-repositorio.git
   939beb6..2195e90  main -> main
branch 'main' set up to track 'origin/main'.

cris_@LAPTOP-USTGTM7F MINGW64 ~/OneDrive/Documents/Dev/Git/DIO/dio-desafio-github-primeiro-repositorio (main)
$ git status
On branch main
Your branch is up to date with 'origin/main'.

nothing to commit, working tree clean

cris_@LAPTOP-USTGTM7F MINGW64 ~/OneDrive/Documents/Dev/Git/DIO/dio-desafio-github-primeiro-repositorio (main)
$ GIT
